

<--!Router>en
Router#config t
Enter configuration commands, one per line.  End with CNTL/Z.
Router(config)#encapsulation frame-relay
                 ^
% Invalid input detected at '^' marker.
	
Router(config)#int serial0/0/0
Router(config-if)#encapsulation frame-relay
Router(config-if)#no shutdown

Router(config-if)#
%LINK-5-CHANGED: Interface Serial0/0/0, changed state to up

%LINEPROTO-5-UPDOWN: Line protocol on Interface Serial0/0/0, changed state to up

Router(config-if)#ip address 11.11.11.2
% Incomplete command.
Router(config-if)#ip address 11.11.11.3
% Incomplete command.
Router(config-if)#ip address 11.11.11.4
% Incomplete command.
Router(config-if)#^Z
Router#
%SYS-5-CONFIG_I: Configured from console by console

Router#config t
Enter configuration commands, one per line.  End with CNTL/Z.
Router(config)#int serial 0/0/0
Router(config-if)#encapsulation frame-relay
Router(config-if)#no shutdown

Router(config-if)#
%LINEPROTO-5-UPDOWN: Line protocol on Interface Serial0/0/0, changed state to down

%LINEPROTO-5-UPDOWN: Line protocol on Interface Serial0/0/0, changed state to up

Router(config-if)#ip address 11.11.11.2
% Incomplete command.
Router(config-if)#ip address 11.11.11.2 255.255.255.0
Router(config-if)#clock rate 64000
Router(config-if)#
%LINEPROTO-5-UPDOWN: Line protocol on Interface Serial0/0/0, changed state to down

%LINEPROTO-5-UPDOWN: Line protocol on Interface Serial0/0/0, changed state to up

Router(config-if)#frame-relay map ip 11.11.11.1 101
Router(config-if)#exit
Router(config)#show frame-relay map
                ^
% Invalid input detected at '^' marker.
	
Router(config)#exit
Router#
%SYS-5-CONFIG_I: Configured from console by console

Router#show frame-relay map
Serial0/0/0 (up): ip 11.11.11.1 dlci 101, static, 

              CISCO, status defined, active
Router#--->
